../USBX/App/ux_device_descriptors.c:194:10:USBD_Get_Device_Framework_Speed	24	static
../USBX/App/ux_device_descriptors.c:233:10:USBD_Get_String_Framework	32	static
../USBX/App/ux_device_descriptors.c:284:10:USBD_Get_Language_Id_Framework	24	static
../USBX/App/ux_device_descriptors.c:304:10:USBD_Get_Device_HID_MOUSE_ReportDesc	16	static
../USBX/App/ux_device_descriptors.c:329:13:USBD_Desc_GetString	40	static
../USBX/App/ux_device_descriptors.c:357:16:USBD_Desc_GetLen	24	static
../USBX/App/ux_device_descriptors.c:380:17:USBD_Device_Framework_Builder	40	static
../USBX/App/ux_device_descriptors.c:483:10:USBD_FrameWork_AddClass	24	static
../USBX/App/ux_device_descriptors.c:514:10:USBD_FrameWork_AddToConfDesc	40	static
../USBX/App/ux_device_descriptors.c:586:16:USBD_FrameWork_FindFreeIFNbr	32	static
../USBX/App/ux_device_descriptors.c:611:14:USBD_FrameWork_AddConfDesc	24	static
../USBX/App/ux_device_descriptors.c:636:14:USBD_FrameWork_AssignEp	40	static
../USBX/App/ux_device_descriptors.c:665:14:USBD_FrameWork_HID_Desc	32	static
