../Core/Src/stm32g0xx_it.c:74:6:NMI_Handler	8	static
../Core/Src/stm32g0xx_it.c:89:6:HardFault_Handler	8	static
../Core/Src/stm32g0xx_it.c:111:6:EXTI4_15_IRQHandler	8	static
../Core/Src/stm32g0xx_it.c:125:6:USB_UCPD1_2_IRQHandler	8	static
../Core/Src/stm32g0xx_it.c:141:6:DMA1_Channel1_IRQHandler	8	static
../Core/Src/stm32g0xx_it.c:155:6:DMA1_Channel2_3_IRQHandler	8	static
../Core/Src/stm32g0xx_it.c:169:6:DMA1_Ch4_7_DMA2_Ch1_5_DMAMUX1_OVR_IRQHandler	8	static
../Core/Src/stm32g0xx_it.c:183:6:TIM6_DAC_LPTIM1_IRQHandler	8	static
