../USBPD/App/usbpd_dpm_core.c:109:21:USBPD_DPM_InitCore	24	static
../USBPD/App/usbpd_dpm_core.c:212:10:USBPD_DPM_InitOS	72	static
../USBPD/App/usbpd_dpm_core.c:259:6:USBPD_DPM_TimerCounter	8	static
../USBPD/App/usbpd_dpm_core.c:284:13:USBPD_PE_TaskWakeUp	24	static
../USBPD/App/usbpd_dpm_core.c:293:13:USBPD_DPM_CADTaskWakeUp	16	static
../USBPD/App/usbpd_dpm_core.c:303:1:USBPD_PE_Task	40	static
../USBPD/App/usbpd_dpm_core.c:332:1:USBPD_CAD_Task	24	static
../USBPD/App/usbpd_dpm_core.c:352:6:USBPD_DPM_CADCallback	24	static
../USBPD/App/usbpd_dpm_core.c:415:13:DPM_StartPETask	16	static
../USBPD/App/usbpd_dpm_core.c:438:13:USBPD_DPM_ErrorHandler	8	static
