../USBPD/Target/usbpd_dpm_user.c:143:21:USBPD_DPM_UserInit	8	static
../USBPD/Target/usbpd_dpm_user.c:155:6:USBPD_DPM_WaitForTime	16	static
../USBPD/Target/usbpd_dpm_user.c:165:6:USBPD_DPM_UserExecute	16	static
../USBPD/Target/usbpd_dpm_user.c:178:6:USBPD_DPM_UserCableDetection	16	static
../USBPD/Target/usbpd_dpm_user.c:190:6:USBPD_DPM_UserTimerCounter	16	static
../USBPD/Target/usbpd_dpm_user.c:211:6:USBPD_DPM_Notification	16	static
../USBPD/Target/usbpd_dpm_user.c:266:6:USBPD_DPM_HardReset	16	static
../USBPD/Target/usbpd_dpm_user.c:281:6:USBPD_DPM_GetDataInfo	24	static
../USBPD/Target/usbpd_dpm_user.c:318:6:USBPD_DPM_SetDataInfo	24	static
../USBPD/Target/usbpd_dpm_user.c:361:6:USBPD_DPM_SNK_EvaluateCapabilities	24	static
../USBPD/Target/usbpd_dpm_user.c:373:21:USBPD_DPM_EvaluateVconnSwap	24	static
../USBPD/Target/usbpd_dpm_user.c:392:21:USBPD_DPM_PE_VconnPwr	16	static
../USBPD/Target/usbpd_dpm_user.c:410:6:USBPD_DPM_ExtendedMessageReceived	24	static
../USBPD/Target/usbpd_dpm_user.c:422:6:USBPD_DPM_EnterErrorRecovery	16	static
../USBPD/Target/usbpd_dpm_user.c:439:21:USBPD_DPM_EvaluateDataRoleSwap	24	static
../USBPD/Target/usbpd_dpm_user.c:469:23:USBPD_DPM_IsPowerReady	16	static
../USBPD/Target/usbpd_dpm_user.c:489:21:USBPD_DPM_RequestHardReset	32	static
../USBPD/Target/usbpd_dpm_user.c:503:21:USBPD_DPM_RequestCableReset	32	static
../USBPD/Target/usbpd_dpm_user.c:515:21:USBPD_DPM_RequestGotoMin	32	static
../USBPD/Target/usbpd_dpm_user.c:529:21:USBPD_DPM_RequestPing	32	static
../USBPD/Target/usbpd_dpm_user.c:543:21:USBPD_DPM_RequestMessageRequest	32	static
../USBPD/Target/usbpd_dpm_user.c:560:21:USBPD_DPM_RequestGetSourceCapability	32	static
../USBPD/Target/usbpd_dpm_user.c:572:21:USBPD_DPM_RequestGetSinkCapability	32	static
../USBPD/Target/usbpd_dpm_user.c:584:21:USBPD_DPM_RequestDataRoleSwap	32	static
../USBPD/Target/usbpd_dpm_user.c:596:21:USBPD_DPM_RequestPowerRoleSwap	16	static
../USBPD/Target/usbpd_dpm_user.c:607:21:USBPD_DPM_RequestVconnSwap	32	static
../USBPD/Target/usbpd_dpm_user.c:620:21:USBPD_DPM_RequestSoftReset	32	static
../USBPD/Target/usbpd_dpm_user.c:632:21:USBPD_DPM_RequestSourceCapability	32	static
../USBPD/Target/usbpd_dpm_user.c:646:21:USBPD_DPM_RequestVDM_DiscoveryIdentify	32	static
../USBPD/Target/usbpd_dpm_user.c:665:21:USBPD_DPM_RequestVDM_DiscoverySVID	16	static
../USBPD/Target/usbpd_dpm_user.c:678:21:USBPD_DPM_RequestVDM_DiscoveryMode	24	static
../USBPD/Target/usbpd_dpm_user.c:692:21:USBPD_DPM_RequestVDM_EnterMode	24	static
../USBPD/Target/usbpd_dpm_user.c:706:21:USBPD_DPM_RequestVDM_ExitMode	24	static
../USBPD/Target/usbpd_dpm_user.c:718:21:USBPD_DPM_RequestAlert	32	static
../USBPD/Target/usbpd_dpm_user.c:730:21:USBPD_DPM_RequestGetSourceCapabilityExt	32	static
../USBPD/Target/usbpd_dpm_user.c:742:21:USBPD_DPM_RequestGetSinkCapabilityExt	32	static
../USBPD/Target/usbpd_dpm_user.c:756:21:USBPD_DPM_RequestGetManufacturerInfo	24	static
../USBPD/Target/usbpd_dpm_user.c:768:21:USBPD_DPM_RequestGetPPS_Status	32	static
../USBPD/Target/usbpd_dpm_user.c:780:21:USBPD_DPM_RequestGetStatus	32	static
../USBPD/Target/usbpd_dpm_user.c:792:21:USBPD_DPM_RequestFastRoleSwap	32	static
../USBPD/Target/usbpd_dpm_user.c:804:21:USBPD_DPM_RequestGetCountryCodes	32	static
../USBPD/Target/usbpd_dpm_user.c:817:21:USBPD_DPM_RequestGetCountryInfo	32	static
../USBPD/Target/usbpd_dpm_user.c:830:21:USBPD_DPM_RequestGetBatteryCapability	16	static
../USBPD/Target/usbpd_dpm_user.c:842:21:USBPD_DPM_RequestGetBatteryStatus	16	static
../USBPD/Target/usbpd_dpm_user.c:853:21:USBPD_DPM_RequestSecurityRequest	24	static
